-bash: ./audiofiler_tests: No such file or directory
